---
source: tests/examples-yew.rs
expression: "&contents"
---
export function snippetTest() { console.log('Hello from JS FFI!'); }
