---
source: tests/examples-yew.rs
expression: "&contents"
---
body {}
